<html>
<body>
<pre>
<h1>µVision Build Log</h1>
<h2>Tool Versions:</h2>
IDE-Version: µVision V5.38.0.0
Copyright (C) 2022 ARM Ltd and ARM Germany GmbH. All rights reserved.
License Information: bilal yuksu, student, LIC=----
 
Tool Versions:
Toolchain:       MDK-Lite  Version: 5.38.0.0
Toolchain Path:  C:\Keil_v5\ARM\ARMCLANG\Bin
C Compiler:      ArmClang.exe V6.19
Assembler:       Armasm.exe V6.19
Linker/Locator:  ArmLink.exe V6.19
Library Manager: ArmAr.exe V6.19
Hex Converter:   FromElf.exe V6.19
CPU DLL:         SARMCM3.DLL V5.38.0.0
Dialog DLL:      DCM.DLL V1.17.5.0
Target DLL:      lmidk-agdi.dll V???
Dialog DLL:      TCM.DLL V1.56.4.0
 
<h2>Project:</h2>
C:\Users\bilal\Downloads\final\bmp280Comms.uvprojx
Project File Date:  01/07/2024

<h2>Output:</h2>
*** Using Compiler 'V6.19', folder: 'C:\Keil_v5\ARM\ARMCLANG\Bin'
Build target 'Target 1'
test_sensor.c(1): warning: In file included from...
C:/Users/bilal/AppData/Local/Arm/Packs/Keil/TM4C_DFP/1.1.0/Device/Include/TM4C123\TM4C123GH6PM.h(298): warning: anonymous unions are a C11 extension [-Wc11-extensions]
  union {
  ^
C:/Users/bilal/AppData/Local/Arm/Packs/Keil/TM4C_DFP/1.1.0/Device/Include/TM4C123\TM4C123GH6PM.h(338): warning: anonymous unions are a C11 extension [-Wc11-extensions]
  union {
  ^
C:/Users/bilal/AppData/Local/Arm/Packs/Keil/TM4C_DFP/1.1.0/Device/Include/TM4C123\TM4C123GH6PM.h(357): warning: anonymous unions are a C11 extension [-Wc11-extensions]
  union {
  ^
C:/Users/bilal/AppData/Local/Arm/Packs/Keil/TM4C_DFP/1.1.0/Device/Include/TM4C123\TM4C123GH6PM.h(713): warning: anonymous unions are a C11 extension [-Wc11-extensions]
  union {
  ^
C:/Users/bilal/AppData/Local/Arm/Packs/Keil/TM4C_DFP/1.1.0/Device/Include/TM4C123\TM4C123GH6PM.h(729): warning: anonymous unions are a C11 extension [-Wc11-extensions]
  union {
  ^
C:/Users/bilal/AppData/Local/Arm/Packs/Keil/TM4C_DFP/1.1.0/Device/Include/TM4C123\TM4C123GH6PM.h(774): warning: anonymous unions are a C11 extension [-Wc11-extensions]
  union {
  ^
C:/Users/bilal/AppData/Local/Arm/Packs/Keil/TM4C_DFP/1.1.0/Device/Include/TM4C123\TM4C123GH6PM.h(779): warning: anonymous unions are a C11 extension [-Wc11-extensions]
  union {
  ^
C:/Users/bilal/AppData/Local/Arm/Packs/Keil/TM4C_DFP/1.1.0/Device/Include/TM4C123\TM4C123GH6PM.h(872): warning: anonymous unions are a C11 extension [-Wc11-extensions]
  union {
  ^
C:/Users/bilal/AppData/Local/Arm/Packs/Keil/TM4C_DFP/1.1.0/Device/Include/TM4C123\TM4C123GH6PM.h(885): warning: anonymous unions are a C11 extension [-Wc11-extensions]
  union {
  ^
C:/Users/bilal/AppData/Local/Arm/Packs/Keil/TM4C_DFP/1.1.0/Device/Include/TM4C123\TM4C123GH6PM.h(892): warning: anonymous unions are a C11 extension [-Wc11-extensions]
  union {
  ^
C:/Users/bilal/AppData/Local/Arm/Packs/Keil/TM4C_DFP/1.1.0/Device/Include/TM4C123\TM4C123GH6PM.h(897): warning: anonymous unions are a C11 extension [-Wc11-extensions]
  union {
  ^
C:/Users/bilal/AppData/Local/Arm/Packs/Keil/TM4C_DFP/1.1.0/Device/Include/TM4C123\TM4C123GH6PM.h(904): warning: anonymous unions are a C11 extension [-Wc11-extensions]
  union {
  ^
C:/Users/bilal/AppData/Local/Arm/Packs/Keil/TM4C_DFP/1.1.0/Device/Include/TM4C123\TM4C123GH6PM.h(910): warning: anonymous unions are a C11 extension [-Wc11-extensions]
  union {
  ^
C:/Users/bilal/AppData/Local/Arm/Packs/Keil/TM4C_DFP/1.1.0/Device/Include/TM4C123\TM4C123GH6PM.h(917): warning: anonymous unions are a C11 extension [-Wc11-extensions]
  union {
  ^
C:/Users/bilal/AppData/Local/Arm/Packs/Keil/TM4C_DFP/1.1.0/Device/Include/TM4C123\TM4C123GH6PM.h(924): warning: anonymous unions are a C11 extension [-Wc11-extensions]
  union {
  ^
C:/Users/bilal/AppData/Local/Arm/Packs/Keil/TM4C_DFP/1.1.0/Device/Include/TM4C123\TM4C123GH6PM.h(929): warning: anonymous unions are a C11 extension [-Wc11-extensions]
  union {
  ^
C:/Users/bilal/AppData/Local/Arm/Packs/Keil/TM4C_DFP/1.1.0/Device/Include/TM4C123\TM4C123GH6PM.h(936): warning: anonymous unions are a C11 extension [-Wc11-extensions]
  union {
  ^
C:/Users/bilal/AppData/Local/Arm/Packs/Keil/TM4C_DFP/1.1.0/Device/Include/TM4C123\TM4C123GH6PM.h(942): warning: anonymous unions are a C11 extension [-Wc11-extensions]
  union {
  ^
C:/Users/bilal/AppData/Local/Arm/Packs/Keil/TM4C_DFP/1.1.0/Device/Include/TM4C123\TM4C123GH6PM.h(949): warning: anonymous unions are a C11 extension [-Wc11-extensions]
  union {
  ^
C:/Users/bilal/AppData/Local/Arm/Packs/Keil/TM4C_DFP/1.1.0/Device/Include/TM4C123\TM4C123GH6PM.h(956): warning: anonymous unions are a C11 extension [-Wc11-extensions]
  union {
  ^
C:/Users/bilal/AppData/Local/Arm/Packs/Keil/TM4C_DFP/1.1.0/Device/Include/TM4C123\TM4C123GH6PM.h(961): warning: anonymous unions are a C11 extension [-Wc11-extensions]
  union {
  ^
C:/Users/bilal/AppData/Local/Arm/Packs/Keil/TM4C_DFP/1.1.0/Device/Include/TM4C123\TM4C123GH6PM.h(968): warning: anonymous unions are a C11 extension [-Wc11-extensions]
  union {
  ^
C:/Users/bilal/AppData/Local/Arm/Packs/Keil/TM4C_DFP/1.1.0/Device/Include/TM4C123\TM4C123GH6PM.h(974): warning: anonymous unions are a C11 extension [-Wc11-extensions]
  union {
  ^
C:/Users/bilal/AppData/Local/Arm/Packs/Keil/TM4C_DFP/1.1.0/Device/Include/TM4C123\TM4C123GH6PM.h(981): warning: anonymous unions are a C11 extension [-Wc11-extensions]
  union {
  ^
C:/Users/bilal/AppData/Local/Arm/Packs/Keil/TM4C_DFP/1.1.0/Device/Include/TM4C123\TM4C123GH6PM.h(988): warning: anonymous unions are a C11 extension [-Wc11-extensions]
  union {
  ^
C:/Users/bilal/AppData/Local/Arm/Packs/Keil/TM4C_DFP/1.1.0/Device/Include/TM4C123\TM4C123GH6PM.h(993): warning: anonymous unions are a C11 extension [-Wc11-extensions]
  union {
  ^
C:/Users/bilal/AppData/Local/Arm/Packs/Keil/TM4C_DFP/1.1.0/Device/Include/TM4C123\TM4C123GH6PM.h(1000): warning: anonymous unions are a C11 extension [-Wc11-extensions]
  union {
  ^
C:/Users/bilal/AppData/Local/Arm/Packs/Keil/TM4C_DFP/1.1.0/Device/Include/TM4C123\TM4C123GH6PM.h(1006): warning: anonymous unions are a C11 extension [-Wc11-extensions]
  union {
  ^
C:/Users/bilal/AppData/Local/Arm/Packs/Keil/TM4C_DFP/1.1.0/Device/Include/TM4C123\TM4C123GH6PM.h(1013): warning: anonymous unions are a C11 extension [-Wc11-extensions]
  union {
  ^
C:/Users/bilal/AppData/Local/Arm/Packs/Keil/TM4C_DFP/1.1.0/Device/Include/TM4C123\TM4C123GH6PM.h(1020): warning: anonymous unions are a C11 extension [-Wc11-extensions]
  union {
  ^
C:/Users/bilal/AppData/Local/Arm/Packs/Keil/TM4C_DFP/1.1.0/Device/Include/TM4C123\TM4C123GH6PM.h(1025): warning: anonymous unions are a C11 extension [-Wc11-extensions]
  union {
  ^
C:/Users/bilal/AppData/Local/Arm/Packs/Keil/TM4C_DFP/1.1.0/Device/Include/TM4C123\TM4C123GH6PM.h(1032): warning: anonymous unions are a C11 extension [-Wc11-extensions]
  union {
  ^
C:/Users/bilal/AppData/Local/Arm/Packs/Keil/TM4C_DFP/1.1.0/Device/Include/TM4C123\TM4C123GH6PM.h(1038): warning: anonymous unions are a C11 extension [-Wc11-extensions]
  union {
  ^
C:/Users/bilal/AppData/Local/Arm/Packs/Keil/TM4C_DFP/1.1.0/Device/Include/TM4C123\TM4C123GH6PM.h(1045): warning: anonymous unions are a C11 extension [-Wc11-extensions]
  union {
  ^
C:/Users/bilal/AppData/Local/Arm/Packs/Keil/TM4C_DFP/1.1.0/Device/Include/TM4C123\TM4C123GH6PM.h(1052): warning: anonymous unions are a C11 extension [-Wc11-extensions]
  union {
  ^
C:/Users/bilal/AppData/Local/Arm/Packs/Keil/TM4C_DFP/1.1.0/Device/Include/TM4C123\TM4C123GH6PM.h(1057): warning: anonymous unions are a C11 extension [-Wc11-extensions]
  union {
  ^
C:/Users/bilal/AppData/Local/Arm/Packs/Keil/TM4C_DFP/1.1.0/Device/Include/TM4C123\TM4C123GH6PM.h(1064): warning: anonymous unions are a C11 extension [-Wc11-extensions]
  union {
  ^
C:/Users/bilal/AppData/Local/Arm/Packs/Keil/TM4C_DFP/1.1.0/Device/Include/TM4C123\TM4C123GH6PM.h(1070): warning: anonymous unions are a C11 extension [-Wc11-extensions]
  union {
  ^
C:/Users/bilal/AppData/Local/Arm/Packs/Keil/TM4C_DFP/1.1.0/Device/Include/TM4C123\TM4C123GH6PM.h(1077): warning: anonymous unions are a C11 extension [-Wc11-extensions]
  union {
  ^
C:/Users/bilal/AppData/Local/Arm/Packs/Keil/TM4C_DFP/1.1.0/Device/Include/TM4C123\TM4C123GH6PM.h(1084): warning: anonymous unions are a C11 extension [-Wc11-extensions]
  union {
  ^
C:/Users/bilal/AppData/Local/Arm/Packs/Keil/TM4C_DFP/1.1.0/Device/Include/TM4C123\TM4C123GH6PM.h(1089): warning: anonymous unions are a C11 extension [-Wc11-extensions]
  union {
  ^
C:/Users/bilal/AppData/Local/Arm/Packs/Keil/TM4C_DFP/1.1.0/Device/Include/TM4C123\TM4C123GH6PM.h(1096): warning: anonymous unions are a C11 extension [-Wc11-extensions]
  union {
  ^
C:/Users/bilal/AppData/Local/Arm/Packs/Keil/TM4C_DFP/1.1.0/Device/Include/TM4C123\TM4C123GH6PM.h(1102): warning: anonymous unions are a C11 extension [-Wc11-extensions]
  union {
  ^
C:/Users/bilal/AppData/Local/Arm/Packs/Keil/TM4C_DFP/1.1.0/Device/Include/TM4C123\TM4C123GH6PM.h(1251): warning: anonymous unions are a C11 extension [-Wc11-extensions]
  union {
  ^
test_sensor.c(4): warning: In file included from...
./pulse_green.h(15): warning: // comments are not allowed in this language [-Wcomment]
        SYSCTL->RCGCTIMER                                                        |=0x01; // Start timer0
                                                                                         ^
./pulse_green.h(57): warning: implicit conversion changes signedness: 'int' to 'unsigned int' [-Wsign-conversion]
        GPIOF->IS                                                                                        &=~((1<<0)|(1<<4));                    //edge sensitive
                                                                                                         ~~^~~~~~~~~~~~~~~~
./pulse_green.h(58): warning: implicit conversion changes signedness: 'int' to 'unsigned int' [-Wsign-conversion]
        GPIOF->IBE                                                                               &=~((1<<0)|(1<<4));    //not both edges
                                                                                                 ~~^~~~~~~~~~~~~~~~
./pulse_green.h(59): warning: implicit conversion changes signedness: 'int' to 'unsigned int' [-Wsign-conversion]
        GPIOF->IEV                                                                               &=~((1<<0)|(1<<4));    //low level
                                                                                                 ~~^~~~~~~~~~~~~~~~
test_sensor.c(5): warning: In file included from...
./adc_config.h(6): warning: // comments are not allowed in this language [-Wcomment]
        SYSCTL->RCGCADC         |=(1<<0);               //Enable Clock for the ADC0 
                                                        ^
./adc_config.h(13): warning: implicit conversion changes signedness: 'int' to 'unsigned int' [-Wsign-conversion]
        ADC0->ACTSS                             &=~(1<<3);              //Disable SS3 for configuration
                                                ~~^~~~~~~
./adc_config.h(14): warning: implicit conversion changes signedness: 'int' to 'unsigned int' [-Wsign-conversion]
        ADC0->EMUX                              &=~(15<<12);//Disable EM3, for software triggering
                                                ~~^~~~~~~~~
./adc_config.h(15): warning: implicit conversion changes signedness: 'int' to 'unsigned int' [-Wsign-conversion]
        ADC0->SSMUX3                    &=~(15<<0);     //Clear the bitfield corresponding to MUX0 and write nothing to wait for AIN0
                                        ~~^~~~~~~~
./adc_config.h(26): warning: no newline at end of file [-Wnewline-eof]
}
 ^
test_sensor.c(6): warning: // comments are not allowed in this language [-Wcomment]
//#include "mosfet_driver_config.h"
^
test_sensor.c(24): warning: no previous extern declaration for non-static variable 'adcData' [-Wmissing-variable-declarations]
signed int adcData=0;
           ^
test_sensor.c(24): note: declare 'static' if the variable is not intended to be used outside of this translation unit
signed int adcData=0;
^
test_sensor.c(25): warning: no previous extern declaration for non-static variable 'preADCData' [-Wmissing-variable-declarations]
unsigned int preADCData=0;
             ^
test_sensor.c(25): note: declare 'static' if the variable is not intended to be used outside of this translation unit
unsigned int preADCData=0;
^
test_sensor.c(26): warning: no previous extern declaration for non-static variable 'dig_T1Data' [-Wmissing-variable-declarations]
unsigned short dig_T1Data=0;
               ^
test_sensor.c(26): note: declare 'static' if the variable is not intended to be used outside of this translation unit
unsigned short dig_T1Data=0;
^
test_sensor.c(27): warning: no previous extern declaration for non-static variable 'dig_T2Data' [-Wmissing-variable-declarations]
short                                    dig_T2Data=0;
                                         ^
test_sensor.c(27): note: declare 'static' if the variable is not intended to be used outside of this translation unit
short                                    dig_T2Data=0;
^
test_sensor.c(28): warning: no previous extern declaration for non-static variable 'dig_T3Data' [-Wmissing-variable-declarations]
short                                    dig_T3Data=0;
                                         ^
test_sensor.c(28): note: declare 'static' if the variable is not intended to be used outside of this translation unit
short                                    dig_T3Data=0;
^
test_sensor.c(29): warning: no previous extern declaration for non-static variable 'totalOf128' [-Wmissing-variable-declarations]
signed long     totalOf128=0;
                ^
test_sensor.c(29): note: declare 'static' if the variable is not intended to be used outside of this translation unit
signed long     totalOf128=0;
^
test_sensor.c(34): warning: no previous extern declaration for non-static variable 'lowTreshold' [-Wmissing-variable-declarations]
double lowTreshold=0.0;
       ^
test_sensor.c(34): note: declare 'static' if the variable is not intended to be used outside of this translation unit
double lowTreshold=0.0;
^
test_sensor.c(35): warning: no previous extern declaration for non-static variable 'highTreshold' [-Wmissing-variable-declarations]
double highTreshold=0.0;
       ^
test_sensor.c(35): note: declare 'static' if the variable is not intended to be used outside of this translation unit
double highTreshold=0.0;
^
test_sensor.c(36): warning: no previous extern declaration for non-static variable 'ADCInputLow' [-Wmissing-variable-declarations]
unsigned int ADCInputLow=0;
             ^
test_sensor.c(36): note: declare 'static' if the variable is not intended to be used outside of this translation unit
unsigned int ADCInputLow=0;
^
test_sensor.c(37): warning: no previous extern declaration for non-static variable 'ADCInputHigh' [-Wmissing-variable-declarations]
unsigned int ADCInputHigh=0;
             ^
test_sensor.c(37): note: declare 'static' if the variable is not intended to be used outside of this translation unit
unsigned int ADCInputHigh=0;
^
test_sensor.c(38): warning: no previous extern declaration for non-static variable 'temperatureinInputFormat' [-Wmissing-variable-declarations]
unsigned int temperatureinInputFormat=0;
             ^
test_sensor.c(38): note: declare 'static' if the variable is not intended to be used outside of this translation unit
unsigned int temperatureinInputFormat=0;
^
test_sensor.c(39): warning: no previous extern declaration for non-static variable 'index' [-Wmissing-variable-declarations]
int index=0;
    ^
test_sensor.c(39): note: declare 'static' if the variable is not intended to be used outside of this translation unit
int index=0;
^
test_sensor.c(40): warning: no previous extern declaration for non-static variable 'isFull' [-Wmissing-variable-declarations]
int isFull=0;
    ^
test_sensor.c(40): note: declare 'static' if the variable is not intended to be used outside of this translation unit
int isFull=0;
^
test_sensor.c(70): warning: implicit conversion loses integer precision: 'unsigned int' to 'unsigned short' [-Wimplicit-int-conversion]
        dig_T1Data=readSensorFromGivenAddress(dig_T1,2);
                  ~^~~~~~~~~~~~~~~~~~~~~~~~~~~~~~~~~~~~
test_sensor.c(71): warning: implicit conversion loses integer precision: 'unsigned int' to 'short' [-Wimplicit-int-conversion]
        dig_T2Data=readSensorFromGivenAddress(dig_T2,2);
                  ~^~~~~~~~~~~~~~~~~~~~~~~~~~~~~~~~~~~~
test_sensor.c(72): warning: implicit conversion loses integer precision: 'unsigned int' to 'short' [-Wimplicit-int-conversion]
        dig_T3Data=readSensorFromGivenAddress(dig_T3,2);
                  ~^~~~~~~~~~~~~~~~~~~~~~~~~~~~~~~~~~~~
test_sensor.c(73): warning: variable declaration in for loop is a C99-specific feature [-Wc99-extensions]
        for(int i=0;i<128;i++){
            ^
test_sensor.c(73): warning: GCC does not allow variable declarations in for loop initializers before C99 [-Wgcc-compat]
test_sensor.c(100): warning: implicit conversion increases floating-point precision: 'float' to 'double' [-Wdouble-promotion]
        temperatureinInputFormat = (unsigned int)((temperatureinCelsius / 50.0f) * 0xFFF);
                                                                        ~ ^~~~~
test_sensor.c(101): warning: implicit conversion loses floating-point precision: 'double' to 'float' [-Wimplicit-float-conversion]
        return temperatureinCelsius;
        ~~~~~~ ^~~~~~~~~~~~~~~~~~~~
test_sensor.c(123): warning: implicit conversion changes signedness: 'int' to 'unsigned int' [-Wsign-conversion]
                                GPIOF->DATA&=~((1<<3)|(1<<1));
                                           ~~^~~~~~~~~~~~~~~~
test_sensor.c(125): warning: implicit conversion changes signedness: 'int' to 'unsigned int' [-Wsign-conversion]
                                GPIOA->DATA&=~(1<<3);
                                           ~~^~~~~~~
test_sensor.c(129): warning: implicit conversion changes signedness: 'int' to 'unsigned int' [-Wsign-conversion]
                        GPIOF->DATA&=~((1<<3)|(1<<2));
                                   ~~^~~~~~~~~~~~~~~~
test_sensor.c(131): warning: implicit conversion changes signedness: 'int' to 'unsigned int' [-Wsign-conversion]
                        GPIOA->DATA&=~(1<<2);
                                   ~~^~~~~~~
test_sensor.c(134): warning: implicit conversion changes signedness: 'int' to 'unsigned int' [-Wsign-conversion]
                        GPIOA->DATA &=~((1<<2)|(1<<3));
                                    ~~^~~~~~~~~~~~~~~~
test_sensor.c(135): warning: implicit conversion changes signedness: 'int' to 'unsigned int' [-Wsign-conversion]
                        GPIOF->DATA &= ~((1<<2)|(1<<1));
                                    ~~ ^~~~~~~~~~~~~~~~
test_sensor.c(138): warning: implicit conversion changes signedness: 'int' to 'unsigned int' [-Wsign-conversion]
                                        GPIOF->DATA &=~(1<<3);
                                                    ~~^~~~~~~
test_sensor.c(152): warning: incompatible pointer types passing 'float[30]' to parameter of type 'int *' [-Wincompatible-pointer-types]
        graphXvsY(temperatureInCelsiusArray);
                  ^~~~~~~~~~~~~~~~~~~~~~~~~
test_sensor.c(61): note: passing argument to parameter 'Temp' here
extern void graphXvsY(int *Temp);
                           ^
test_sensor.c(174): warning: variable declaration in for loop is a C99-specific feature [-Wc99-extensions]
        for(int i=0; i<100000;i++);
            ^
test_sensor.c(174): warning: GCC does not allow variable declarations in for loop initializers before C99 [-Wgcc-compat]
test_sensor.c(22): warning: no previous extern declaration for non-static variable 'temperatureArray' [-Wmissing-variable-declarations]
signed int temperatureArray[128];
           ^
test_sensor.c(22): note: declare 'static' if the variable is not intended to be used outside of this translation unit
signed int temperatureArray[128];
^
test_sensor.c(23): warning: no previous extern declaration for non-static variable 'temperatureInCelsiusArray' [-Wmissing-variable-declarations]
float temperatureInCelsiusArray[30];
      ^
test_sensor.c(23): note: declare 'static' if the variable is not intended to be used outside of this translation unit
float temperatureInCelsiusArray[30];
^
test_sensor.c(30): warning: no previous extern declaration for non-static variable 'var1' [-Wmissing-variable-declarations]
double var1;
       ^
test_sensor.c(30): note: declare 'static' if the variable is not intended to be used outside of this translation unit
double var1;
^
test_sensor.c(31): warning: no previous extern declaration for non-static variable 'var2' [-Wmissing-variable-declarations]
double var2;
       ^
test_sensor.c(31): note: declare 'static' if the variable is not intended to be used outside of this translation unit
double var2;
^
test_sensor.c(32): warning: no previous extern declaration for non-static variable 'temperature' [-Wmissing-variable-declarations]
double temperature;
       ^
test_sensor.c(32): note: declare 'static' if the variable is not intended to be used outside of this translation unit
double temperature;
^
test_sensor.c(33): warning: no previous extern declaration for non-static variable 'temperatureinCelsius' [-Wmissing-variable-declarations]
double temperatureinCelsius;
       ^
test_sensor.c(33): note: declare 'static' if the variable is not intended to be used outside of this translation unit
double temperatureinCelsius;
^
90 warnings generated.
compiling test_sensor.c...
linking...
Program Size: Code=10628 RO-data=636 RW-data=0 ZI-data=1328  
".\Objects\bmp280Comms.axf" - 0 Error(s), 90 Warning(s).

<h2>Software Packages used:</h2>

Package Vendor: ARM
                http://www.keil.com/pack/ARM.CMSIS.5.9.0.pack
                ARM.CMSIS.5.9.0
                CMSIS (Common Microcontroller Software Interface Standard)
   * Component: CORE Version: 5.6.0

Package Vendor: Keil
                http://www.keil.com/pack/Keil.TM4C_DFP.1.1.0.pack
                Keil.TM4C_DFP.1.1.0
                Texas Instruments Tiva C Series Device Support and Examples
   * Component: Startup Version: 1.0.1

<h2>Collection of Component include folders:</h2>
  ./RTE/_Target_1
  C:/Users/bilal/AppData/Local/Arm/Packs/ARM/CMSIS/5.9.0/CMSIS/Core/Include
  C:/Users/bilal/AppData/Local/Arm/Packs/Keil/TM4C_DFP/1.1.0/Device/Include/TM4C123

<h2>Collection of Component Files used:</h2>

   * Component: ARM::CMSIS:CORE:5.6.0

   * Component: Keil::Device:Startup:1.0.1
      Include file:  Device/Include/TM4C123/TM4C123.h
      Source file:   Device/Source/ARM/startup_TM4C123.s
      Source file:   Device/Source/system_TM4C123.c
Build Time Elapsed:  00:00:01
</pre>
</body>
</html>
